// Jest Snapshot v1, https://goo.gl/fbAQLP

exports[`Tree Component renders Tree 1`] = `
<DocumentFragment>
  <div
    class="mia-platform-tree mia-platform-tree-icon-hide customTree"
    role="tree"
  >
    <div>
      <input
        aria-label="for screen reader"
        style="width: 0px; height: 0px; display: flex; overflow: hidden; opacity: 0; border: 0px; padding: 0px; margin: 0px;"
        tabindex="0"
        value=""
      />
    </div>
    <div
      aria-hidden="true"
      class="mia-platform-tree-treenode"
      style="position: absolute; pointer-events: none; visibility: hidden; height: 0px; overflow: hidden; border: 0px; padding: 0px;"
    >
      <div
        class="mia-platform-tree-indent"
      >
        <div
          class="mia-platform-tree-indent-unit"
        />
      </div>
    </div>
    <div
      class="mia-platform-tree-list"
      style="position: relative;"
    >
      <div
        class="mia-platform-tree-list-holder"
      >
        <div>
          <div
            class="mia-platform-tree-list-holder-inner"
            style="display: flex; flex-direction: column;"
          >
            <div
              aria-grabbed="false"
              class="mia-platform-tree-treenode mia-platform-tree-treenode-switcher-close"
              draggable="false"
            >
              <span
                aria-hidden="true"
                class="mia-platform-tree-indent"
              />
              <span
                class="mia-platform-tree-switcher mia-platform-tree-switcher_close"
              >
                <span
                  aria-label="caret-down"
                  class="anticon anticon-caret-down mia-platform-tree-switcher-icon"
                  role="img"
                >
                  <svg
                    aria-hidden="true"
                    data-icon="caret-down"
                    fill="currentColor"
                    focusable="false"
                    height="1em"
                    viewBox="0 0 1024 1024"
                    width="1em"
                  >
                    <path
                      d="M840.4 300H183.6c-19.7 0-30.7 20.8-18.5 35l328.4 380.8c9.4 10.9 27.5 10.9 37 0L858.9 335c12.2-14.2 1.2-35-18.5-35z"
                    />
                  </svg>
                </span>
              </span>
              <span
                class="mia-platform-tree-node-content-wrapper mia-platform-tree-node-content-wrapper-close"
                title="Fruits"
              >
                <span
                  class="mia-platform-tree-title"
                >
                  Fruits
                </span>
              </span>
            </div>
            <div
              aria-grabbed="false"
              class="mia-platform-tree-treenode mia-platform-tree-treenode-switcher-close mia-platform-tree-treenode-leaf-last"
              draggable="false"
            >
              <span
                aria-hidden="true"
                class="mia-platform-tree-indent"
              />
              <span
                class="mia-platform-tree-switcher mia-platform-tree-switcher_close"
              >
                <span
                  aria-label="caret-down"
                  class="anticon anticon-caret-down mia-platform-tree-switcher-icon"
                  role="img"
                >
                  <svg
                    aria-hidden="true"
                    data-icon="caret-down"
                    fill="currentColor"
                    focusable="false"
                    height="1em"
                    viewBox="0 0 1024 1024"
                    width="1em"
                  >
                    <path
                      d="M840.4 300H183.6c-19.7 0-30.7 20.8-18.5 35l328.4 380.8c9.4 10.9 27.5 10.9 37 0L858.9 335c12.2-14.2 1.2-35-18.5-35z"
                    />
                  </svg>
                </span>
              </span>
              <span
                class="mia-platform-tree-node-content-wrapper mia-platform-tree-node-content-wrapper-close"
                title="Vegetables"
              >
                <span
                  class="mia-platform-tree-title"
                >
                  Vegetables
                </span>
              </span>
            </div>
          </div>
        </div>
      </div>
    </div>
  </div>
</DocumentFragment>
`;
