// Jest Snapshot v1, https://goo.gl/fbAQLP

exports[`Generate Ant Theme generate ant theme from darkTheme 1`] = `
{
  "algorithm": [Function],
  "components": {
    "Button": {
      "borderColorDisabled": "#e5e5e5",
      "contentFontSize": 14,
      "contentFontSizeLG": 14,
      "contentFontSizeSM": 14,
      "defaultActiveBg": "transparent",
      "defaultBg": "#ffffff",
      "defaultBorderColor": "#cdcdcd",
      "defaultColor": "#636363",
      "defaultHoverBg": "transparent",
    },
    "Checkbox": {
      "borderRadiusSM": 2,
      "colorBorder": "#cdcdcd",
      "colorPrimary": "#1261e4",
      "colorPrimaryHover": "#1890ff",
    },
    "Divider": {
      "colorSplit": "#cdcdcd",
    },
    "Input": {
      "activeBorderColor": "#1261e4",
      "borderRadius": 4,
      "colorBgContainer": "#ffffff",
      "colorBorder": "#cdcdcd",
      "colorErrorActive": "#e50020",
      "colorErrorBorder": "#e50020",
      "colorErrorBorderHover": "#ff5453",
      "colorErrorHover": "#ff5453",
      "colorErrorText": "#636363",
      "colorIcon": "#898989",
      "colorText": "#636363",
      "colorTextDisabled": "#acacac",
      "colorTextPlaceholder": "#acacac",
      "colorTextQuaternary": "#898989",
      "hoverBorderColor": "#1890ff",
      "paddingBlock": 8,
      "paddingInline": 8,
    },
    "InputNumber": {
      "activeBorderColor": "#1261e4",
      "borderRadius": 4,
      "colorBgContainer": "#ffffff",
      "colorBorder": "#cdcdcd",
      "colorErrorActive": "#e50020",
      "colorErrorBorder": "#e50020",
      "colorErrorBorderHover": "#ff5453",
      "colorErrorHover": "#ff5453",
      "colorErrorText": "#636363",
      "colorIcon": "#898989",
      "colorText": "#636363",
      "colorTextDisabled": "#acacac",
      "colorTextPlaceholder": "#acacac",
      "colorTextQuaternary": "#898989",
      "hoverBorderColor": "#1890ff",
      "paddingBlock": 8,
      "paddingInline": 8,
    },
    "Menu": {
      "groupTitleColor": "#898989",
      "groupTitleFontSize": 12,
      "groupTitleLineHeight": 1,
      "iconSize": 16,
      "itemActiveBg": "#1890ff29",
      "itemBorderRadius": 4,
      "itemHeight": 32,
      "itemHoverBg": "#8989891f",
      "itemSelectedBg": "#1890ff29",
    },
    "Message": {
      "colorError": "#ff5453",
      "colorInfo": "#1890ff",
      "colorSuccess": "#4cb61b",
      "colorText": "#636363",
      "colorWarning": "#F68F1F",
      "zIndexPopup": 990,
    },
    "Radio": {
      "dotColorDisabled": "#acacac",
      "dotSize": 8,
      "radioSize": 16,
    },
    "Select": {
      "activeBorderColor": "#1261e4",
      "borderRadius": 4,
      "colorBgContainer": "#ffffff",
      "colorBorder": "#cdcdcd",
      "colorErrorActive": "#e50020",
      "colorErrorBorder": "#e50020",
      "colorErrorBorderHover": "#ff5453",
      "colorErrorHover": "#ff5453",
      "colorErrorText": "#636363",
      "colorIcon": "#898989",
      "colorText": "#636363",
      "colorTextDisabled": "#acacac",
      "colorTextPlaceholder": "#acacac",
      "colorTextQuaternary": "#898989",
      "hoverBorderColor": "#1890ff",
      "paddingBlock": 8,
      "paddingInline": 8,
    },
    "Switch": {
      "handleBg": "#ffffff",
    },
    "Table": {
      "borderColor": "#f2f2f2",
      "cellPaddingInline": 16,
      "cellPaddingInlineMD": 16,
      "cellPaddingInlineSM": 16,
      "colorText": "#636363",
      "headerBg": "#f2f2f2",
      "rowHoverBg": "#8989891f",
    },
    "Tag": {
      "colorBorder": "#cdcdcd",
      "defaultBg": "#f9f9f9",
      "defaultColor": "#636363",
    },
    "Tree": {
      "nodeHoverBg": "#8989891f",
      "nodeSelectedBg": "#1890ff29",
      "titleHeight": 24,
    },
    "Typography": {
      "fontSizeHeading1": 24,
      "fontSizeHeading2": 20,
      "fontSizeHeading3": 18,
      "fontSizeHeading4": 16,
      "lineHeightHeading1": 1.3333333333333333,
      "lineHeightHeading2": 1.6,
      "lineHeightHeading3": 1.3333333333333333,
      "lineHeightHeading4": 1.5,
      "titleMarginBottom": 0,
      "titleMarginTop": 0,
    },
  },
  "cssVar": true,
  "token": {
    "borderRadius": 4,
    "colorBgBase": "#ffffff",
    "colorBgElevated": "#ffffff",
    "colorBgLayout": "#e5f0fc",
    "colorBorder": "#acacac",
    "colorError": "#e50020",
    "colorErrorActive": "#a80101",
    "colorErrorHover": "#ff5453",
    "colorInfo": "#1261e4",
    "colorPrimary": "#1261e4",
    "colorPrimaryActive": "#004aaa",
    "colorPrimaryHover": "#1890ff",
    "colorSuccess": "#259100",
    "colorText": "#636363",
    "colorTextBase": "#464646",
    "colorTextDisabled": "#898989",
    "colorWarning": "#A44C00",
    "fontFamily": "Inter",
    "fontSize": 14,
    "margin": 16,
    "marginXXS": 4,
    "padding": 16,
    "paddingXS": 8,
    "paddingXXS": 4,
    "wireframe": false,
  },
}
`;

exports[`Generate Ant Theme generate ant theme from empty theme 1`] = `
{
  "algorithm": [Function],
  "components": {
    "Button": {
      "borderColorDisabled": undefined,
      "contentFontSize": undefined,
      "contentFontSizeLG": undefined,
      "contentFontSizeSM": undefined,
      "defaultActiveBg": "transparent",
      "defaultBg": undefined,
      "defaultBorderColor": undefined,
      "defaultColor": undefined,
      "defaultHoverBg": "transparent",
    },
    "Checkbox": {
      "borderRadiusSM": NaN,
      "colorBorder": undefined,
      "colorPrimary": undefined,
      "colorPrimaryHover": undefined,
    },
    "Divider": {
      "colorSplit": undefined,
    },
    "Input": {
      "activeBorderColor": undefined,
      "borderRadius": NaN,
      "colorBgContainer": undefined,
      "colorBorder": undefined,
      "colorErrorActive": undefined,
      "colorErrorBorder": undefined,
      "colorErrorBorderHover": undefined,
      "colorErrorHover": undefined,
      "colorErrorText": undefined,
      "colorIcon": undefined,
      "colorText": undefined,
      "colorTextDisabled": undefined,
      "colorTextPlaceholder": undefined,
      "colorTextQuaternary": undefined,
      "hoverBorderColor": undefined,
      "paddingBlock": NaN,
      "paddingInline": NaN,
    },
    "InputNumber": {
      "activeBorderColor": undefined,
      "borderRadius": NaN,
      "colorBgContainer": undefined,
      "colorBorder": undefined,
      "colorErrorActive": undefined,
      "colorErrorBorder": undefined,
      "colorErrorBorderHover": undefined,
      "colorErrorHover": undefined,
      "colorErrorText": undefined,
      "colorIcon": undefined,
      "colorText": undefined,
      "colorTextDisabled": undefined,
      "colorTextPlaceholder": undefined,
      "colorTextQuaternary": undefined,
      "hoverBorderColor": undefined,
      "paddingBlock": NaN,
      "paddingInline": NaN,
    },
    "Menu": {
      "groupTitleColor": undefined,
      "groupTitleFontSize": undefined,
      "groupTitleLineHeight": 1,
      "iconSize": undefined,
      "itemActiveBg": undefined,
      "itemBorderRadius": undefined,
      "itemHeight": 32,
      "itemHoverBg": undefined,
      "itemSelectedBg": undefined,
    },
    "Message": {
      "colorError": undefined,
      "colorInfo": undefined,
      "colorSuccess": undefined,
      "colorText": undefined,
      "colorWarning": undefined,
      "zIndexPopup": 990,
    },
    "Radio": {
      "dotColorDisabled": undefined,
      "dotSize": NaN,
      "radioSize": NaN,
    },
    "Select": {
      "activeBorderColor": undefined,
      "borderRadius": NaN,
      "colorBgContainer": undefined,
      "colorBorder": undefined,
      "colorErrorActive": undefined,
      "colorErrorBorder": undefined,
      "colorErrorBorderHover": undefined,
      "colorErrorHover": undefined,
      "colorErrorText": undefined,
      "colorIcon": undefined,
      "colorText": undefined,
      "colorTextDisabled": undefined,
      "colorTextPlaceholder": undefined,
      "colorTextQuaternary": undefined,
      "hoverBorderColor": undefined,
      "paddingBlock": NaN,
      "paddingInline": NaN,
    },
    "Switch": {
      "handleBg": undefined,
    },
    "Table": {
      "borderColor": undefined,
      "cellPaddingInline": undefined,
      "cellPaddingInlineMD": undefined,
      "cellPaddingInlineSM": undefined,
      "colorText": undefined,
      "headerBg": undefined,
      "rowHoverBg": undefined,
    },
    "Tag": {
      "colorBorder": undefined,
      "defaultBg": undefined,
      "defaultColor": undefined,
    },
    "Tree": {
      "nodeHoverBg": undefined,
      "nodeSelectedBg": undefined,
      "titleHeight": undefined,
    },
    "Typography": {
      "fontSizeHeading1": undefined,
      "fontSizeHeading2": undefined,
      "fontSizeHeading3": undefined,
      "fontSizeHeading4": undefined,
      "lineHeightHeading1": undefined,
      "lineHeightHeading2": undefined,
      "lineHeightHeading3": undefined,
      "lineHeightHeading4": undefined,
      "titleMarginBottom": 0,
      "titleMarginTop": 0,
    },
  },
  "cssVar": true,
  "token": {
    "borderRadius": undefined,
    "colorBgBase": undefined,
    "colorBgElevated": undefined,
    "colorBgLayout": undefined,
    "colorBorder": undefined,
    "colorError": undefined,
    "colorErrorActive": undefined,
    "colorErrorHover": undefined,
    "colorInfo": undefined,
    "colorPrimary": undefined,
    "colorPrimaryActive": undefined,
    "colorPrimaryHover": undefined,
    "colorSuccess": undefined,
    "colorText": "#464646",
    "colorTextBase": "#464646",
    "colorTextDisabled": undefined,
    "colorWarning": undefined,
    "fontFamily": "Inter",
    "fontSize": 14,
    "margin": undefined,
    "marginXXS": undefined,
    "padding": undefined,
    "paddingXS": undefined,
    "paddingXXS": undefined,
    "wireframe": false,
  },
}
`;

exports[`Generate Ant Theme generate ant theme from lightTheme 1`] = `
{
  "algorithm": [Function],
  "components": {
    "Button": {
      "borderColorDisabled": "#e5e5e5",
      "contentFontSize": 14,
      "contentFontSizeLG": 14,
      "contentFontSizeSM": 14,
      "defaultActiveBg": "transparent",
      "defaultBg": "#ffffff",
      "defaultBorderColor": "#cdcdcd",
      "defaultColor": "#636363",
      "defaultHoverBg": "transparent",
    },
    "Checkbox": {
      "borderRadiusSM": 2,
      "colorBorder": "#cdcdcd",
      "colorPrimary": "#1261e4",
      "colorPrimaryHover": "#1890ff",
    },
    "Divider": {
      "colorSplit": "#cdcdcd",
    },
    "Input": {
      "activeBorderColor": "#1261e4",
      "borderRadius": 4,
      "colorBgContainer": "#ffffff",
      "colorBorder": "#cdcdcd",
      "colorErrorActive": "#e50020",
      "colorErrorBorder": "#e50020",
      "colorErrorBorderHover": "#ff5453",
      "colorErrorHover": "#ff5453",
      "colorErrorText": "#636363",
      "colorIcon": "#898989",
      "colorText": "#636363",
      "colorTextDisabled": "#acacac",
      "colorTextPlaceholder": "#acacac",
      "colorTextQuaternary": "#898989",
      "hoverBorderColor": "#1890ff",
      "paddingBlock": 8,
      "paddingInline": 8,
    },
    "InputNumber": {
      "activeBorderColor": "#1261e4",
      "borderRadius": 4,
      "colorBgContainer": "#ffffff",
      "colorBorder": "#cdcdcd",
      "colorErrorActive": "#e50020",
      "colorErrorBorder": "#e50020",
      "colorErrorBorderHover": "#ff5453",
      "colorErrorHover": "#ff5453",
      "colorErrorText": "#636363",
      "colorIcon": "#898989",
      "colorText": "#636363",
      "colorTextDisabled": "#acacac",
      "colorTextPlaceholder": "#acacac",
      "colorTextQuaternary": "#898989",
      "hoverBorderColor": "#1890ff",
      "paddingBlock": 8,
      "paddingInline": 8,
    },
    "Menu": {
      "groupTitleColor": "#898989",
      "groupTitleFontSize": 12,
      "groupTitleLineHeight": 1,
      "iconSize": 16,
      "itemActiveBg": "#1890ff29",
      "itemBorderRadius": 4,
      "itemHeight": 32,
      "itemHoverBg": "#8989891f",
      "itemSelectedBg": "#1890ff29",
    },
    "Message": {
      "colorError": "#ff5453",
      "colorInfo": "#1890ff",
      "colorSuccess": "#4cb61b",
      "colorText": "#636363",
      "colorWarning": "#F68F1F",
      "zIndexPopup": 990,
    },
    "Radio": {
      "dotColorDisabled": "#acacac",
      "dotSize": 8,
      "radioSize": 16,
    },
    "Select": {
      "activeBorderColor": "#1261e4",
      "borderRadius": 4,
      "colorBgContainer": "#ffffff",
      "colorBorder": "#cdcdcd",
      "colorErrorActive": "#e50020",
      "colorErrorBorder": "#e50020",
      "colorErrorBorderHover": "#ff5453",
      "colorErrorHover": "#ff5453",
      "colorErrorText": "#636363",
      "colorIcon": "#898989",
      "colorText": "#636363",
      "colorTextDisabled": "#acacac",
      "colorTextPlaceholder": "#acacac",
      "colorTextQuaternary": "#898989",
      "hoverBorderColor": "#1890ff",
      "paddingBlock": 8,
      "paddingInline": 8,
    },
    "Switch": {
      "handleBg": "#ffffff",
    },
    "Table": {
      "borderColor": "#f2f2f2",
      "cellPaddingInline": 16,
      "cellPaddingInlineMD": 16,
      "cellPaddingInlineSM": 16,
      "colorText": "#636363",
      "headerBg": "#f2f2f2",
      "rowHoverBg": "#8989891f",
    },
    "Tag": {
      "colorBorder": "#cdcdcd",
      "defaultBg": "#f9f9f9",
      "defaultColor": "#636363",
    },
    "Tree": {
      "nodeHoverBg": "#8989891f",
      "nodeSelectedBg": "#1890ff29",
      "titleHeight": 24,
    },
    "Typography": {
      "fontSizeHeading1": 24,
      "fontSizeHeading2": 20,
      "fontSizeHeading3": 18,
      "fontSizeHeading4": 16,
      "lineHeightHeading1": 1.3333333333333333,
      "lineHeightHeading2": 1.6,
      "lineHeightHeading3": 1.3333333333333333,
      "lineHeightHeading4": 1.5,
      "titleMarginBottom": 0,
      "titleMarginTop": 0,
    },
  },
  "cssVar": true,
  "token": {
    "borderRadius": 4,
    "colorBgBase": "#ffffff",
    "colorBgElevated": "#ffffff",
    "colorBgLayout": "#e5f0fc",
    "colorBorder": "#acacac",
    "colorError": "#e50020",
    "colorErrorActive": "#a80101",
    "colorErrorHover": "#ff5453",
    "colorInfo": "#1261e4",
    "colorPrimary": "#1261e4",
    "colorPrimaryActive": "#004aaa",
    "colorPrimaryHover": "#1890ff",
    "colorSuccess": "#259100",
    "colorText": "#636363",
    "colorTextBase": "#464646",
    "colorTextDisabled": "#898989",
    "colorWarning": "#A44C00",
    "fontFamily": "Inter",
    "fontSize": 14,
    "margin": 16,
    "marginXXS": 4,
    "padding": 16,
    "paddingXS": 8,
    "paddingXXS": 4,
    "wireframe": false,
  },
}
`;
