// Jest Snapshot v1, https://goo.gl/fbAQLP

exports[`Breadcrumb Component renders a breadcrumb with different button types 1`] = `
<DocumentFragment>
  <div
    class="breadcrumb"
  >
    <div
      class="breadcrumbItems"
    />
    <div
      class="breadcrumbItems breadcrumbHidden"
    >
      <div
        class="breadcrumbItemButton"
      >
        <div
          class="breadcrumbItemButtonEmpty breadcrumbItemButtonNoInteraction"
        />
      </div>
      <div
        class=""
      >
        <div
          class="breadcrumbItemButton breadcrumbItemButtonSegmented breadcrumbItemButtonNoInteraction"
        >
          <div
            class="breadcrumbItemLabel"
          >
            <div
              class="breadcrumbItemLabelText"
            >
              <div
                class="mia-platform-typography mia-platform-typography-ellipsis mia-platform-typography-single-line mia-platform-typography-ellipsis-single-line bodyL"
                role="paragraph"
              >
                Text
              </div>
            </div>
          </div>
        </div>
      </div>
      <div
        class=""
      >
        <div
          class="breadcrumbItemButton breadcrumbItemButtonSegmented breadcrumbItemButtonNoInteraction"
        >
          <div
            class="breadcrumbItemLabel"
          >
            <div
              class="breadcrumbItemLabelText"
            >
              <div
                class="mia-platform-typography mia-platform-typography-ellipsis mia-platform-typography-single-line mia-platform-typography-ellipsis-single-line bodyL"
                role="paragraph"
              >
                Very long text that should be ellipsed at some point
              </div>
            </div>
          </div>
        </div>
      </div>
      <div
        class=""
      >
        <div
          class="breadcrumbItemButton breadcrumbItemButtonSegmented breadcrumbItemButtonNoInteraction"
        >
          <div
            class="breadcrumbItemLabel"
          >
            <svg
              aria-label="PiCircleHalfTiltLight"
              color="black"
              fill="currentColor"
              height="16"
              role="img"
              stroke="currentColor"
              stroke-width="0"
              style="color: black;"
              viewBox="0 0 256 256"
              width="16"
              xmlns="http://www.w3.org/2000/svg"
            >
              <path
                d="M200.12,55.88A102,102,0,1,0,55.88,200.13,102,102,0,1,0,200.12,55.88ZM90,209.62a89.61,89.61,0,0,1-21.23-13.89L90,174.49Zm32,8.16a90,90,0,0,1-20-3.58V162.49l20-20Zm32-3.58a89.8,89.8,0,0,1-20,3.58V130.49l20-20Zm32-17.4a89.45,89.45,0,0,1-20,12.83V98.49l20-20ZM60.27,187.24a90,90,0,0,1,127-127ZM198,184.57V71.43a90,90,0,0,1,0,113.14Z"
              />
            </svg>
          </div>
        </div>
      </div>
      <div
        class=""
      >
        <div
          class="breadcrumbItemButton breadcrumbItemButtonSegmented breadcrumbItemButtonNoInteraction"
        >
          <div
            class="breadcrumbItemLabel"
          >
            <svg
              aria-label="PiCircleHalfTiltLight"
              color="black"
              fill="currentColor"
              height="16"
              role="img"
              stroke="currentColor"
              stroke-width="0"
              style="color: black;"
              viewBox="0 0 256 256"
              width="16"
              xmlns="http://www.w3.org/2000/svg"
            >
              <path
                d="M200.12,55.88A102,102,0,1,0,55.88,200.13,102,102,0,1,0,200.12,55.88ZM90,209.62a89.61,89.61,0,0,1-21.23-13.89L90,174.49Zm32,8.16a90,90,0,0,1-20-3.58V162.49l20-20Zm32-3.58a89.8,89.8,0,0,1-20,3.58V130.49l20-20Zm32-17.4a89.45,89.45,0,0,1-20,12.83V98.49l20-20ZM60.27,187.24a90,90,0,0,1,127-127ZM198,184.57V71.43a90,90,0,0,1,0,113.14Z"
              />
            </svg>
            <div
              class="breadcrumbItemLabelText"
            >
              <div
                class="mia-platform-typography mia-platform-typography-ellipsis mia-platform-typography-single-line mia-platform-typography-ellipsis-single-line bodyL"
                role="paragraph"
              >
                Text
              </div>
            </div>
          </div>
        </div>
      </div>
      <div
        class=""
      >
        <div
          class="breadcrumbItemButton breadcrumbItemButtonSegmented breadcrumbItemButtonNoInteraction"
        >
          <div
            class="mia-platform-dropdown-trigger breadcrumbMenuIcon"
          >
            <svg
              data-file-name="SvgCaretFullDown"
            />
          </div>
        </div>
      </div>
      <div
        class="mia-platform-dropdown-trigger"
      >
        <div
          class="breadcrumbItemButton breadcrumbItemButtonConnected"
        >
          <div
            class="breadcrumbItemLabelText"
          >
            <div
              class="mia-platform-typography mia-platform-typography-ellipsis mia-platform-typography-single-line mia-platform-typography-ellipsis-single-line bodyL"
              role="paragraph"
            >
              Text
            </div>
          </div>
          <svg
            data-file-name="SvgCaretFullDown"
          />
        </div>
      </div>
      <div
        class="mia-platform-dropdown-trigger"
      >
        <div
          class="breadcrumbItemButton breadcrumbItemButtonConnected"
        >
          <svg
            aria-label="PiCircleHalfTiltLight"
            color="black"
            fill="currentColor"
            height="16"
            role="img"
            stroke="currentColor"
            stroke-width="0"
            style="color: black;"
            viewBox="0 0 256 256"
            width="16"
            xmlns="http://www.w3.org/2000/svg"
          >
            <path
              d="M200.12,55.88A102,102,0,1,0,55.88,200.13,102,102,0,1,0,200.12,55.88ZM90,209.62a89.61,89.61,0,0,1-21.23-13.89L90,174.49Zm32,8.16a90,90,0,0,1-20-3.58V162.49l20-20Zm32-3.58a89.8,89.8,0,0,1-20,3.58V130.49l20-20Zm32-17.4a89.45,89.45,0,0,1-20,12.83V98.49l20-20ZM60.27,187.24a90,90,0,0,1,127-127ZM198,184.57V71.43a90,90,0,0,1,0,113.14Z"
            />
          </svg>
          <div
            class="breadcrumbItemLabelText"
          >
            <div
              class="mia-platform-typography mia-platform-typography-ellipsis mia-platform-typography-single-line mia-platform-typography-ellipsis-single-line bodyL"
              role="paragraph"
            >
              Text
            </div>
          </div>
          <svg
            data-file-name="SvgCaretFullDown"
          />
        </div>
      </div>
      <div
        class="breadcrumbItemLast"
      >
        <div
          class="breadcrumbItemButton breadcrumbItemButtonSegmented"
        >
          <div
            class="breadcrumbItemLabel withMenu"
          >
            <svg
              aria-label="PiCircleHalfTiltLight"
              color="black"
              fill="currentColor"
              height="16"
              role="img"
              stroke="currentColor"
              stroke-width="0"
              style="color: black;"
              viewBox="0 0 256 256"
              width="16"
              xmlns="http://www.w3.org/2000/svg"
            >
              <path
                d="M200.12,55.88A102,102,0,1,0,55.88,200.13,102,102,0,1,0,200.12,55.88ZM90,209.62a89.61,89.61,0,0,1-21.23-13.89L90,174.49Zm32,8.16a90,90,0,0,1-20-3.58V162.49l20-20Zm32-3.58a89.8,89.8,0,0,1-20,3.58V130.49l20-20Zm32-17.4a89.45,89.45,0,0,1-20,12.83V98.49l20-20ZM60.27,187.24a90,90,0,0,1,127-127ZM198,184.57V71.43a90,90,0,0,1,0,113.14Z"
              />
            </svg>
            <div
              class="breadcrumbItemLabelText"
            >
              <div
                class="mia-platform-typography mia-platform-typography-ellipsis mia-platform-typography-single-line mia-platform-typography-ellipsis-single-line bodyL"
                role="paragraph"
              >
                Text
              </div>
            </div>
          </div>
          <div
            class="mia-platform-dropdown-trigger breadcrumbMenuIcon withLabel"
          >
            <svg
              data-file-name="SvgCaretFullDown"
            />
          </div>
        </div>
      </div>
    </div>
  </div>
</DocumentFragment>
`;
